src/components/Sidebar.tsx(2,52): error TS6133: 'Book' is declared but its value is never read.
src/components/Sidebar.tsx(4,10): error TS1484: 'CanvasCourse' is a type and must be imported using a type-only import when 'verbatimModuleSyntax' is enabled.
src/hooks/CanvasContext.tsx(1,8): error TS6133: 'React' is declared but its value is never read.
src/hooks/CanvasContext.tsx(1,44): error TS1484: 'ReactNode' is a type and must be imported using a type-only import when 'verbatimModuleSyntax' is enabled.
src/hooks/CanvasContext.tsx(2,46): error TS1484: 'UnifiedTask' is a type and must be imported using a type-only import when 'verbatimModuleSyntax' is enabled.
src/hooks/CanvasContext.tsx(3,10): error TS1484: 'CanvasCourse' is a type and must be imported using a type-only import when 'verbatimModuleSyntax' is enabled.
src/hooks/useCanvasData.ts(2,24): error TS1484: 'CanvasCourse' is a type and must be imported using a type-only import when 'verbatimModuleSyntax' is enabled.
src/hooks/useCanvasData.ts(2,38): error TS1484: 'CanvasAssignment' is a type and must be imported using a type-only import when 'verbatimModuleSyntax' is enabled.
src/hooks/useCanvasData.ts(2,38): error TS6133: 'CanvasAssignment' is declared but its value is never read.
src/hooks/useCanvasData.ts(2,56): error TS1484: 'CanvasQuiz' is a type and must be imported using a type-only import when 'verbatimModuleSyntax' is enabled.
src/hooks/useCanvasData.ts(2,56): error TS6133: 'CanvasQuiz' is declared but its value is never read.
src/hooks/useCanvasData.ts(2,68): error TS1484: 'CanvasEvent' is a type and must be imported using a type-only import when 'verbatimModuleSyntax' is enabled.
src/hooks/useCanvasData.ts(2,68): error TS6133: 'CanvasEvent' is declared but its value is never read.
src/hooks/useCanvasData.ts(64,23): error TS2367: This comparison appears to be unintentional because the types '"Assignment" | "Quiz" | "Exam" | "Project" | "Reading" | "Event"' and '"Homework"' have no overlap.
src/utils/notifications.ts(4,10): error TS1484: 'UnifiedTask' is a type and must be imported using a type-only import when 'verbatimModuleSyntax' is enabled.
src/views/TimelineView.tsx(2,22): error TS2724: '"date-fns"' has no exported member named 'isNextWeek'. Did you mean 'setWeek'?
src/views/TimelineView.tsx(3,10): error TS1484: 'UnifiedTask' is a type and must be imported using a type-only import when 'verbatimModuleSyntax' is enabled.
